First building id/name, followed by Enter: Second building id/name, followed by Enter: Unknown building: [3246]
