First building id/name, followed by Enter: Second building id/name, followed by Enter: There is no path from Polytechnic Residence Commons to Blitman Residence Commons.